
============================================================
   FUELVIA LEAD GENERATION SYSTEM
============================================================


📌 NICHE:
  1. Business Coach
  2. Marketing Expert
  3. Agency Owner
  4. SaaS Founder
  5. B2B Consultant
  6. Real Estate Coach
  7. Financial Advisor
  8. Course Creator
  9. Entrepreneur
  10. Custom

Select (1-10): 
🌍 LOCATION:
  1. English-speaking (USA+UK+CA+AU)
  2. United States only
  3. United Kingdom only
  4. Canada only
  5. Australia only
  6. Global (no location filter)

Select (1-6): 
👥 SUBSCRIBER RANGE:
  1. 1,000 - 20,000 (RECOMMENDED)
  2. 20,000 - 50,000
  3. 50,000 - 100,000
  4. 1,000 - 5,000 (Small)
  5. 5,000 - 10,000
  6. 10,000 - 15,000
  7. 15,000 - 20,000
  8. 100,000+ (Large)

Select (1-8): 
🔢 How many leads? (default 50): 